// Jest Snapshot v1, https://goo.gl/fbAQLP

exports[`SurveyDetails should render without throwing an error 1`] = `
<div
  className="survey-details"
>
  <nav
    aria-label="breadcrumb"
    className=""
  >
    <div
      className="breadcrumb"
    >
      <a
        className="breadcrumb-item"
        href="/"
      >
        Home
      </a>
      <span
        aria-current="page"
        className="active breadcrumb-item"
      >
        Simple Survey
      </span>
    </div>
  </nav>
  <h4
    className="ml-4"
  >
    Simple Survey
  </h4>
  <button
    aria-label={null}
    className="ml-3 btn btn-link btn-sm"
    id="viewMetaDataButton"
    onClick={[Function]}
  >
    View Survey Metadata
  </button>
  <hr />
  <h6
    className="ml-4 mb-2"
  >
     Themes Focussed :
  </h6>
  <div
    className="themes ml-1 mb-3 mr-1 row"
  >
    <div
      className="mb-4 col-12 col-sm-12 col-md-6 col-xl-6"
    >
      <div
        className="theme-details margin-green card card-body"
      >
        <h5
          className="card-header"
        >
          The Work
        </h5>
        <div
          className="card-body"
        >
          <button
            aria-label={null}
            className="btn btn-link btn-sm"
            onClick={[Function]}
            type="button"
          >
            View responses in detail
          </button>
          <div
            className="collapse"
            style={Object {}}
          >
            <table
              className="questions-table table table-striped"
            >
              <thead>
                <tr>
                  <th>
                    Question
                  </th>
                  <th
                    className="average-rating-header"
                  >
                    Average Rating
                  </th>
                </tr>
              </thead>
              <tbody>
                <tr>
                  <td>
                    Test question 1
                  </td>
                  <td
                    className="average-rating-value text-green"
                  >
                    5.00
                  </td>
                </tr>
                <tr>
                  <td>
                    Test question 2
                  </td>
                  <td
                    className="average-rating-value text-green"
                  >
                    4.00
                  </td>
                </tr>
              </tbody>
            </table>
          </div>
        </div>
        <div
          className="text-muted card-footer"
        >
          Average rating : 
          4.50
        </div>
      </div>
    </div>
  </div>
  <div
    className="ml-3 mb-4 color-legend"
  >
    <span
      className="small"
    >
      Color legend :
    </span>
    <div
      className="progress"
    >
      <div
        aria-valuemax={100}
        aria-valuemin="0"
        aria-valuenow="33.3"
        className="progress-bar bg-danger"
        role="progressbar"
        style={
          Object {
            "width": "33.3%",
          }
        }
      >
        Rating &lt; 3.5
      </div>
      <div
        aria-valuemax={100}
        aria-valuemin="0"
        aria-valuenow="33.3"
        className="progress-bar bg-warning"
        role="progressbar"
        style={
          Object {
            "width": "33.3%",
          }
        }
      >
        3.5 &lt; Rating &lt; 4
      </div>
      <div
        aria-valuemax={100}
        aria-valuemin="0"
        aria-valuenow="33.3"
        className="progress-bar bg-success"
        role="progressbar"
        style={
          Object {
            "width": "33.3%",
          }
        }
      >
        Rating &gt; 4
      </div>
    </div>
  </div>
</div>
`;
