// Jest Snapshot v1, https://goo.gl/fbAQLP

exports[`ColourLegendView should render without throwing an error 1`] = `
<div
  className="ml-3 mb-4 color-legend"
>
  <span
    className="small"
  >
    Color legend :
  </span>
  <div
    className="progress"
  >
    <div
      aria-valuemax={100}
      aria-valuemin="0"
      aria-valuenow="33.3"
      className="progress-bar bg-danger"
      role="progressbar"
      style={
        Object {
          "width": "33.3%",
        }
      }
    >
      Rating &lt; 3.5
    </div>
    <div
      aria-valuemax={100}
      aria-valuemin="0"
      aria-valuenow="33.3"
      className="progress-bar bg-warning"
      role="progressbar"
      style={
        Object {
          "width": "33.3%",
        }
      }
    >
      3.5 &lt; Rating &lt; 4
    </div>
    <div
      aria-valuemax={100}
      aria-valuemin="0"
      aria-valuenow="33.3"
      className="progress-bar bg-success"
      role="progressbar"
      style={
        Object {
          "width": "33.3%",
        }
      }
    >
      Rating &gt; 4
    </div>
  </div>
</div>
`;
